Clase de GIT

git --version				verificar instalación.

dir(windowa o ls(Linux)			ver directorio y sus carpetas		

cd					cambiar de carpeta

git init(master)			creación de repositorio

git status				Ver estado de archivos

Untracked files: Archivos sin monitorear

git add .				Agrega todos los archivos al repo

Changes to be committed: Archivos para ser cargados

use "git rm --cached <file>..." to unstage: Para dejar de monitorear archivo

git commit -m "mensaje"			comentar la modificación

Si sale error de configuración: 

$git config --global user.email "email"

$git config --global user.name "nombre"

git log 				Ver historico de modificiaciones

git log --oneline			Historico resumen en una linea

git log -p	(:q)Exit		Ampliar información historico

git log --pretty="format:%H" (shift+insert)	Forma customizada

$ git log --pretty="format:%h %s"	visualizar campos relevantes

mkdir (servidor)			Crear nueva carpeta

cd servidor/				acceder a la carpeta

git init --bare	(Copiar camino del repo entre "c/")	servidor para guardar copias de modificasiones

git remote				listar servidores remotos que conoce el repositorio

git remote add nombreservidorlocal "camino del servidor"

git remote	Verificamos existencia

git remote -v 	Verificar dirección del servidor local y al servidor (fetch - lugar del que se extraer) (push - lugar al que se envia) 

$ git clone "/C/Users/mtarazona/Documents/Técnico en Programación Java Script/ALURA/serviorRemoto/" proyecto

El repositorio clonado no tiene información debido a que no hemos push(empujado) información al repositoriolocal

Por lo que ingresaremos al repositorio principal para hacer push hasta el repositorio local

primero se indica el destino (servidor) y luego la rama que contiene el repositorio principal

mtarazona@LPMEDSTDCMT3 MINGW64 ~/Documents/Técnico en Programación Java Script/ALURA/GIT (master)
$ git push servidorlocal master

Ingresamos al usuario Ana y carpeta proyecto, verificamos el contenido con ls

mtarazona@LPMEDSTDCMT3 MINGW64 ~/Documents/Técnico en Programación Java Script/ALURA/Ana/proyecto (master)
$ ls

Pero no aparece nada ya que la información esta en el servidorlocal, debemos llevarlo al repositoriolocal de Ana.

Verificamos existencia de repositorios de Ana, por defecto se coloca el nombre origin al agregar un repo

mtarazona@LPMEDSTDCMT3 MINGW64 ~/Documents/Técnico en Programación Java Script/ALURA/Ana/proyecto (master)
$ git remote
origin

Cambiamos el nombre del repo origin por servidorlocal

mtarazona@LPMEDSTDCMT3 MINGW64 ~/Documents/Técnico en Programación Java Script/ALURA/Ana/proyecto (master)
$ git remote rename origin servidorlocal

Verificamos repositorio en Ana

mtarazona@LPMEDSTDCMT3 MINGW64 ~/Documents/Técnico en Programación Java Script/ALURA/Ana/proyecto (master)
$ git remote
servidorlocal

Ahora agregamos al repositorio local llamado servidorlocal, la información de la rama que esta en el servidor remoto

mtarazona@LPMEDSTDCMT3 MINGW64 ~/Documents/Técnico en Programación Java Script/ALURA/Ana/proyecto (master)
$ git pull servidorlocal master
remote: Enumerating objects: 16, done.
remote: Counting objects: 100% (16/16), done.
remote: Compressing objects: 100% (15/15), done.
remote: Total 16 (delta 4), reused 0 (delta 0), pack-reused 0
Unpacking objects: 100% (16/16), 2.06 KiB | 15.00 KiB/s, done.
From C:/Users/mtarazona/Documents/Técnico en Programación Java Script/ALURA/serviorRemoto
 * branch            master     -> FETCH_HEAD
 * [new branch]      master     -> servidorlocal/master

Se crea nueva rama y verificamos el contenido del repo con ls

mtarazona@LPMEDSTDCMT3 MINGW64 ~/Documents/Técnico en Programación Java Script/ALURA/Ana/proyecto (master)
$ ls
INDEX.txt  index.html

Hacemos modificación en el archivo html desde el usuario de Ana y verificamos con status

mtarazona@LPMEDSTDCMT3 MINGW64 ~/Documents/Técnico en Programación Java Script/ALURA/Ana/proyecto (master)
$ git status
On branch master
Your branch is up to date with 'servidorlocal/master'.

Changes not staged for commit:
  (use "git add <file>..." to update what will be committed)
  (use "git restore <file>..." to discard changes in working directory)
        modified:   index.html

no changes added to commit (use "git add" and/or "git commit -a")

Agregamos los cambios al repo interno de Ana y commiteamos

mtarazona@LPMEDSTDCMT3 MINGW64 ~/Documents/Técnico en Programación Java Script/ALURA/Ana/proyecto (master)
$ git add index.html

mtarazona@LPMEDSTDCMT3 MINGW64 ~/Documents/Técnico en Programación Java Script/ALURA/Ana/proyecto (master)
$ git commit -m "Renombrando curso de Integración Contínua"
[master d74db9f] Renombrando curso de Integración Contínua
 1 file changed, 1 insertion(+), 1 deletion(-)

Ahora debemos enviar al Servidor push(empujar)

mtarazona@LPMEDSTDCMT3 MINGW64 ~/Documents/Técnico en Programación Java Script/ALURA/Ana/proyecto (master)
$ git push servidorlocal master
Enumerating objects: 5, done.
Counting objects: 100% (5/5), done.
Delta compression using up to 8 threads
Compressing objects: 100% (3/3), done.
Writing objects: 100% (3/3), 376 bytes | 376.00 KiB/s, done.
Total 3 (delta 2), reused 0 (delta 0), pack-reused 0
To C:/Users/mtarazona/Documents/Técnico en Programación Java Script/ALURA/serviorRemoto/
   bc2a097..d74db9f  master -> master

Para que el proyecto principal en la carpeta Git vea los cambios, debemos hacer pull

mtarazona@LPMEDSTDCMT3 MINGW64 ~/Documents/Técnico en Programación Java Script/ALURA/GIT (master)
$ git pull servidorlocal master
remote: Enumerating objects: 5, done.
remote: Counting objects: 100% (5/5), done.
remote: Compressing objects: 100% (3/3), done.
remote: Total 3 (delta 2), reused 0 (delta 0), pack-reused 0
Unpacking objects: 100% (3/3), 356 bytes | 8.00 KiB/s, done.
From C:/Users/mtarazona/Documents/Técnico en Programación Java Script/ALURA/serviorRemoto
 * branch            master     -> FETCH_HEAD
   bc2a097..d74db9f  master     -> servidorlocal/master
Updating bc2a097..d74db9f
Fast-forward
 index.html | 2 +-
 1 file changed, 1 insertion(+), 1 deletion(-)

Verificamos el historico de cambias con log y con p para saber en que linea

mtarazona@LPMEDSTDCMT3 MINGW64 ~/Documents/Técnico en Programación Java Script/ALURA/GIT (master)
$ git log -p
commit d74db9f2cbddc510c57ad23a0ff725c27eccf227 (HEAD -> master, servidorlocal/master)
Author: Michael Tarazona <michaeltara05@gmail.com>
Date:   Sun May 28 19:21:24 2023 -0500

    Renombrando curso de Integración Contínua

diff --git a/index.html b/index.html
index 9d00690..d1abcf5 100644
--- a/index.html
+++ b/index.html
@@ -10,7 +10,7 @@
          <li> Vagrant </li>
          <li> Docker </li>
          <li> Ansible </li>
-         <li> Integración continua </li>
+         <li> Integración continua: Madurez y Productividad en el Desarrollo de Software</li>
      </ul>
 </body>
 </html>
\ No newline at end of file

:
commit d74db9f2cbddc510c57ad23a0ff725c27eccf227 (HEAD -> master, servidorlocal/master)
Author: Michael Tarazona <michaeltara05@gmail.com>
Date:   Sun May 28 19:21:24 2023 -0500

    Renombrando curso de Integración Contínua

diff --git a/index.html b/index.html
index 9d00690..d1abcf5 100644
--- a/index.html
+++ b/index.html
@@ -10,7 +10,7 @@
          <li> Vagrant </li>
          <li> Docker </li>
          <li> Ansible </li>
-         <li> Integración continua </li>
+         <li> Integración continua: Madurez y Productividad en el Desarrollo de Software</li>
      </ul>
 </body>
 </html>
\ No newline at end of file

:

con :q (quit) salimos

Para implementar en github(servidor gratuito)

Con GitHub, podemos tener repositorios remotos públicos y privados gratuitos para almacenar y compartir el código de nuestros proyectos.

Nos logueamos en la cuenta de github, seleccionamos en +🔽 y luego creamos un nuevo repositorio enfocamos en https para el link
seguimos las instrucciones para un repositorio existente.

mtarazona@LPMEDSTDCMT3 MINGW64 ~/Documents/Técnico en Programación Java Script/ALURA/GIT (master)
$ git remote add origin https://github.com/michaelTarazona05/alura-git.git


Cambiamos la rama master a main

mtarazona@LPMEDSTDCMT3 MINGW64 ~/Documents/Técnico en Programación Java Script/ALURA/GIT (master)
$ git branch -M main (opcional)

Empujamos para master, -u significa que siempre se va a origin luego de hacer un push del master

mtarazona@LPMEDSTDCMT3 MINGW64 ~/Documents/Técnico en Programación Java Script/ALURA/GIT (master)
$ git push -u origin master (opcional -u)

omitimos -u y nos logeamos

mtarazona@LPMEDSTDCMT3 MINGW64 ~/Documents/Técnico en Programación Java Script/ALURA/GIT (master)
$ git push origin master
Enumerating objects: 22, done.
Counting objects: 100% (22/22), done.
Delta compression using up to 8 threads
Compressing objects: 100% (21/21), done.
Writing objects: 100% (22/22), 4.37 KiB | 1.46 MiB/s, done.
Total 22 (delta 7), reused 0 (delta 0), pack-reused 0
remote: Resolving deltas: 100% (7/7), done.
To https://github.com/michaelTarazona05/alura-git.git
 * [new branch]      master -> master

Actualizamos la pagina de github, verificamos los commit, no se cargan los archivos descritos en el archivo gitingnore

Podemos agregar colaboradores en github, en setting, collaborator, add people

https://github.com/michaelTarazona05/alura-git/settings/access

Ha llegado el momento de que pongas en práctica lo visto en clase. Para hacer esto, sigue los pasos que se enumeran a continuación.

1) Cree una nueva carpeta en su computadora;

2) En la terminal (o Git Bash, en Windows) navega hasta la carpeta recién creada (use el comando cd para navegar entre carpetas);

3) Ejecuta el comando git init --bare;

4) Navega hasta la carpeta donde se encuentra tu proyecto;

5) Ejecuta el comando git remote add servidorlocal {ruta}. Reemplaza {ruta} con la ruta completa de la carpeta recién creada;

6) Crea una nueva carpeta en tu computadora, para representar el trabajo de otra persona;

7) En la terminal (o Git Bash, en Windows) navega hasta la carpeta recién creada;

8) Ejecuta el comando git clone {ruta} proyecto. Reemplaza {ruta} con la ruta completa a la carpeta que creamos en el primer paso;

9) Ten en cuenta que el repositorio clonado está vacío;

10) Accede a la carpeta del Proyecto y ejecuta el comando git remote rename origin servidorlocal para cambiar el nombre del repositorio local de la otra persona de "origin" a "servidorlocal";

11) Navega a la carpeta donde se encuentra tu proyecto original;

12) Ejecute el comando git push servidorlocal master para enviar tus cambios a tu servidor;

13) Navega hasta la carpeta creada en el paso 6;

14) Ejecuta el comando git pull servidorlocal master para descargar los cambios;

15) Abre tu navegador y vé a http://github.com/;

16) Crea una cuenta;

17) Crea un nuevo repositorio haciendo clic en el símbolo más (+) en la esquina superior derecha;

18) En la terminal (o Git Bash, en Windows) agrega el repositorio remoto recién creado a tu proyecto inicial (los comandos los muestra el propio GitHub);

19) Ejecuta git push origin master para enviar tus cambios al repositorio en GitHub.

VERIFICAR RAMIFICACIONES

Verificamos en que rama estamos

mtarazona@LPMEDSTDCMT3 MINGW64 ~/Documents/Técnico en Programación Java Script/ALURA/GIT (master)
$ git branch
* master

Creamos una rama y verificamos en lista

mtarazona@LPMEDSTDCMT3 MINGW64 ~/Documents/Técnico en Programación Java Script/ALURA/GIT (master)
$ git branch titulo

mtarazona@LPMEDSTDCMT3 MINGW64 ~/Documents/Técnico en Programación Java Script/ALURA/GIT (master)
$ git branch
* master
  titulo

Cambiamos de rama

mtarazona@LPMEDSTDCMT3 MINGW64 ~/Documents/Técnico en Programación Java Script/ALURA/GIT (master)
$ git checkout titulo
Switched to branch 'titulo'
M       INDEX.txt

Modificamos el index en la carpeta GIT, verificamos status, add y commit a las modificaciones

mtarazona@LPMEDSTDCMT3 MINGW64 ~/Documents/Técnico en Programación Java Script/ALURA/GIT (titulo)
$ git status
On branch titulo
Changes not staged for commit:
  (use "git add <file>..." to update what will be committed)
  (use "git restore <file>..." to discard changes in working directory)
        modified:   INDEX.txt
        modified:   index.html

no changes added to commit (use "git add" and/or "git commit -a")

mtarazona@LPMEDSTDCMT3 MINGW64 ~/Documents/Técnico en Programación Java Script/ALURA/GIT (titulo)
$ git add .

mtarazona@LPMEDSTDCMT3 MINGW64 ~/Documents/Técnico en Programación Java Script/ALURA/GIT (titulo)
$ git commit -m "Modificación ramificaciones"
[titulo ad9d14a] Modificación ramificaciones
 2 files changed, 112 insertions(+), 1 deletion(-)

Verificamos el historico de cambios en una linea

mtarazona@LPMEDSTDCMT3 MINGW64 ~/Documents/Técnico en Programación Java Script/ALURA/GIT (titulo)
$ git log --oneline
ad9d14a (HEAD -> titulo) Modificación ramificaciones
03ce878 (servidorlocal/master, origin/master, master) Indicar como se clona en repositorios locales y servidor
d74db9f Renombrando curso de Integración Contínua
bc2a097 Actualizando block de notas
c4b77d7 Agregando gitignore
6b4b4b0 Se agrega linea meta viewport responsivo
e97046b Creando archivos index con lista de cursos y comandos git
20573d8 Creando archivos index con lista de cursos y comandos git

Nos dirigimos al proyecto de Ana y creamos una nueva ramificación de lista para Ana

mtarazona@LPMEDSTDCMT3 MINGW64 ~/Documents/Técnico en Programación Java Script/ALURA/Ana/proyecto (master)
$ git checkout -b lista
Switched to a new branch 'lista'

Modificamos el listado en el index.html desde la carpeta proyecto de Ana y verificamos los cambios desde git en la rama lista de Ana

mtarazona@LPMEDSTDCMT3 MINGW64 ~/Documents/Técnico en Programación Java Script/ALURA/Ana/proyecto (lista)
$ git status
On branch lista
Changes not staged for commit:
  (use "git add <file>..." to update what will be committed)
  (use "git restore <file>..." to discard changes in working directory)
        modified:   index.html

no changes added to commit (use "git add" and/or "git commit -a")

Agregamos los cambios y commiteamos

mtarazona@LPMEDSTDCMT3 MINGW64 ~/Documents/Técnico en Programación Java Script/ALURA/Ana/proyecto (lista)
$ git add .

mtarazona@LPMEDSTDCMT3 MINGW64 ~/Documents/Técnico en Programación Java Script/ALURA/Ana/proyecto (lista)
$ git commit -m "Agregando curso de Kubernetes en el listado"
[lista ce29a92] Agregando curso de Kubernetes en el listado
 1 file changed, 2 insertions(+), 1 deletion(-)

Verificamos el historial de cambios y se observa el cambio de la rama master a lista

mtarazona@LPMEDSTDCMT3 MINGW64 ~/Documents/Técnico en Programación Java Script/ALURA/Ana/proyecto (lista)
$ git log
commit ce29a9245ccadaa252a8ef275d4b05c416b4be5e (HEAD -> lista)
Author: Michael Tarazona <michaeltara05@gmail.com>
Date:   Sun May 28 22:15:38 2023 -0500

    Agregando curso de Kubernetes en el listado

commit 03ce87824669c07a1b22c1ff78a4868e0b8aa903 (servidorlocal/master, master)
Author: Michael Tarazona <michaeltara05@gmail.com>
Date:   Sun May 28 20:25:54 2023 -0500

    Indicar como se clona en repositorios locales y servidor

commit d74db9f2cbddc510c57ad23a0ff725c27eccf227
Author: Michael Tarazona <michaeltara05@gmail.com>
Date:   Sun May 28 19:21:24 2023 -0500

    Renombrando curso de Integración Contínua

commit bc2a0970c5ae21cb0fa14921cf2f74f5f3a87730
Author: Michael Tarazona <michaeltara05@gmail.com>
Date:   Sun May 28 17:57:55 2023 -0500

    Actualizando block de not

Como trabajar con ramas de desarrollo diferentes, en el proyecto verificamos las ramas creadas.

mtarazona@LPMEDSTDCMT3 MINGW64 ~/Documents/Técnico en Programación Java Script/ALURA/Ana/proyecto (lista)
$ git branch
* lista
  master

Cambiamos de rama y verificamos

mtarazona@LPMEDSTDCMT3 MINGW64 ~/Documents/Técnico en Programación Java Script/ALURA/Ana/proyecto (lista)
$ git checkout master
Switched to branch 'master'
Your branch is up to date with 'servidorlocal/master'.

mtarazona@LPMEDSTDCMT3 MINGW64 ~/Documents/Técnico en Programación Java Script/ALURA/Ana/proyecto (master)
$ git branch
  lista
* master

Nos dirigimos a la carpeta GIT y cambiamos a la rama master

mtarazona@LPMEDSTDCMT3 MINGW64 ~/Documents/Técnico en Programación Java Script/ALURA/Ana/proyecto (master)
$ cd ../..

mtarazona@LPMEDSTDCMT3 MINGW64 ~/Documents/Técnico en Programación Java Script/ALURA
$ cd GIT/

mtarazona@LPMEDSTDCMT3 MINGW64 ~/Documents/Técnico en Programación Java Script/ALURA/GIT (titulo)
$ git branch
  master
* titulo




































